0 verbose cli /usr/local/bin/node /usr/local/bin/npm
1 info using npm@11.6.2
2 info using node@v24.13.0
3 silly config load:file:/usr/local/lib/node_modules/npm/npmrc
4 silly config load:file:/Users/minsoopark/Downloads/바이브코딩/k-black-music-magazine-app/.npmrc
5 silly config load:file:/Users/minsoopark/.npmrc
6 silly config load:file:/usr/local/etc/npmrc
7 verbose title npm install
8 verbose argv "install" "--cache" ".npm-cache"
9 verbose logfile logs-max:10 dir:/Users/minsoopark/Downloads/바이브코딩/k-black-music-magazine-app/.npm-cache/_logs/2026-04-03T16_26_28_166Z-
10 verbose logfile /Users/minsoopark/Downloads/바이브코딩/k-black-music-magazine-app/.npm-cache/_logs/2026-04-03T16_26_28_166Z-debug-0.log
11 silly logfile done cleaning log files
12 silly packumentCache heap:2348810240 maxSize:587202560 maxEntrySize:293601280
13 silly idealTree buildDeps
14 silly fetch manifest googleapis@^144.0.0
15 silly packumentCache full:https://registry.npmjs.org/googleapis cache-miss
16 http fetch GET 200 https://registry.npmjs.org/googleapis 165ms (cache miss)
17 silly packumentCache full:https://registry.npmjs.org/googleapis set size:undefined disposed:false
18 silly fetch manifest playwright@^1.54.2
19 silly packumentCache full:https://registry.npmjs.org/playwright cache-miss
20 http fetch GET 200 https://registry.npmjs.org/playwright 231ms (cache miss)
21 silly packumentCache full:https://registry.npmjs.org/playwright set size:undefined disposed:false
22 silly placeDep ROOT googleapis@144.0.0 OK for: k-black-music-magazine-app@0.1.0 want: ^144.0.0
23 silly placeDep ROOT playwright@1.59.1 OK for: k-black-music-magazine-app@0.1.0 want: ^1.54.2
24 silly fetch manifest googleapis-common@^7.0.0
25 silly packumentCache full:https://registry.npmjs.org/googleapis-common cache-miss
26 silly fetch manifest google-auth-library@^9.0.0
27 silly packumentCache full:https://registry.npmjs.org/google-auth-library cache-miss
28 silly fetch manifest playwright-core@1.59.1
29 silly packumentCache full:https://registry.npmjs.org/playwright-core cache-miss
30 silly fetch manifest fsevents@2.3.2
31 silly packumentCache full:https://registry.npmjs.org/fsevents cache-miss
32 http fetch GET 200 https://registry.npmjs.org/googleapis-common 32ms (cache miss)
33 silly packumentCache full:https://registry.npmjs.org/googleapis-common set size:undefined disposed:false
34 http fetch GET 200 https://registry.npmjs.org/fsevents 72ms (cache revalidated)
35 silly packumentCache full:https://registry.npmjs.org/fsevents set size:182472 disposed:false
36 http fetch GET 200 https://registry.npmjs.org/google-auth-library 81ms (cache miss)
37 silly packumentCache full:https://registry.npmjs.org/google-auth-library set size:undefined disposed:false
38 http fetch GET 200 https://registry.npmjs.org/playwright-core 234ms (cache miss)
39 silly packumentCache full:https://registry.npmjs.org/playwright-core set size:undefined disposed:false
40 silly placeDep ROOT google-auth-library@9.15.1 OK for: googleapis@144.0.0 want: ^9.0.0
41 silly placeDep ROOT googleapis-common@7.2.0 OK for: googleapis@144.0.0 want: ^7.0.0
42 silly fetch manifest jws@^4.0.0
43 silly packumentCache full:https://registry.npmjs.org/jws cache-miss
44 silly fetch manifest gaxios@^6.1.1
45 silly packumentCache full:https://registry.npmjs.org/gaxios cache-miss
46 silly fetch manifest gtoken@^7.0.0
47 silly packumentCache full:https://registry.npmjs.org/gtoken cache-miss
48 silly fetch manifest base64-js@^1.3.0
49 silly packumentCache full:https://registry.npmjs.org/base64-js cache-miss
50 silly fetch manifest gcp-metadata@^6.1.0
51 silly packumentCache full:https://registry.npmjs.org/gcp-metadata cache-miss
52 silly fetch manifest ecdsa-sig-formatter@^1.0.11
53 silly packumentCache full:https://registry.npmjs.org/ecdsa-sig-formatter cache-miss
54 silly fetch manifest qs@^6.7.0
55 silly packumentCache full:https://registry.npmjs.org/qs cache-miss
56 http fetch GET 200 https://registry.npmjs.org/base64-js 37ms (cache miss)
57 silly packumentCache full:https://registry.npmjs.org/base64-js set size:undefined disposed:false
58 silly fetch manifest uuid@^9.0.0
59 silly packumentCache full:https://registry.npmjs.org/uuid cache-miss
60 http fetch GET 200 https://registry.npmjs.org/jws 38ms (cache miss)
61 silly packumentCache full:https://registry.npmjs.org/jws set size:undefined disposed:false
62 silly fetch manifest extend@^3.0.2
63 silly packumentCache full:https://registry.npmjs.org/extend cache-miss
64 http fetch GET 200 https://registry.npmjs.org/gtoken 40ms (cache miss)
65 silly packumentCache full:https://registry.npmjs.org/gtoken set size:undefined disposed:false
66 silly fetch manifest gaxios@^6.0.3
67 silly packumentCache full:https://registry.npmjs.org/gaxios cache-miss
68 http fetch GET 200 https://registry.npmjs.org/gaxios 44ms (cache miss)
69 silly packumentCache full:https://registry.npmjs.org/gaxios set size:undefined disposed:false
70 silly fetch manifest url-template@^2.0.8
71 silly packumentCache full:https://registry.npmjs.org/url-template cache-miss
72 http fetch GET 200 https://registry.npmjs.org/ecdsa-sig-formatter 73ms (cache miss)
73 silly packumentCache full:https://registry.npmjs.org/ecdsa-sig-formatter set size:undefined disposed:false
74 http fetch GET 200 https://registry.npmjs.org/uuid 36ms (cache miss)
75 silly packumentCache full:https://registry.npmjs.org/uuid set size:undefined disposed:false
76 http fetch GET 200 https://registry.npmjs.org/gaxios 35ms (cache miss)
77 silly packumentCache full:https://registry.npmjs.org/gaxios set size:undefined disposed:false
78 http fetch GET 200 https://registry.npmjs.org/extend 41ms (cache miss)
79 silly packumentCache full:https://registry.npmjs.org/extend set size:undefined disposed:false
80 http fetch GET 200 https://registry.npmjs.org/url-template 36ms (cache miss)
81 silly packumentCache full:https://registry.npmjs.org/url-template set size:undefined disposed:false
82 http fetch GET 200 https://registry.npmjs.org/qs 91ms (cache miss)
83 silly packumentCache full:https://registry.npmjs.org/qs set size:undefined disposed:false
84 http fetch GET 200 https://registry.npmjs.org/gcp-metadata 95ms (cache miss)
85 silly packumentCache full:https://registry.npmjs.org/gcp-metadata set size:undefined disposed:false
86 silly placeDep ROOT base64-js@1.5.1 OK for: google-auth-library@9.15.1 want: ^1.3.0
87 silly placeDep ROOT ecdsa-sig-formatter@1.0.11 OK for: google-auth-library@9.15.1 want: ^1.0.11
88 silly placeDep ROOT gaxios@6.7.1 OK for: google-auth-library@9.15.1 want: ^6.1.1
89 silly placeDep ROOT gcp-metadata@6.1.1 OK for: google-auth-library@9.15.1 want: ^6.1.0
90 silly placeDep ROOT gtoken@7.1.0 OK for: google-auth-library@9.15.1 want: ^7.0.0
91 silly placeDep ROOT jws@4.0.1 OK for: google-auth-library@9.15.1 want: ^4.0.0
92 silly fetch manifest safe-buffer@^5.0.1
93 silly packumentCache full:https://registry.npmjs.org/safe-buffer cache-miss
94 silly fetch manifest uuid@^9.0.1
95 silly packumentCache full:https://registry.npmjs.org/uuid cache-miss
96 silly fetch manifest is-stream@^2.0.0
97 silly packumentCache full:https://registry.npmjs.org/is-stream cache-miss
98 silly fetch manifest node-fetch@^2.6.9
99 silly packumentCache full:https://registry.npmjs.org/node-fetch cache-miss
100 silly fetch manifest https-proxy-agent@^7.0.1
101 silly packumentCache full:https://registry.npmjs.org/https-proxy-agent cache-miss
102 silly fetch manifest json-bigint@^1.0.0
103 silly packumentCache full:https://registry.npmjs.org/json-bigint cache-miss
104 silly fetch manifest google-logging-utils@^0.0.2
105 silly packumentCache full:https://registry.npmjs.org/google-logging-utils cache-miss
106 http cache https://registry.npmjs.org/uuid 3ms (cache hit)
107 silly packumentCache full:https://registry.npmjs.org/uuid set size:224608 disposed:false
108 silly fetch manifest jwa@^2.0.1
109 silly packumentCache full:https://registry.npmjs.org/jwa cache-miss
110 http fetch GET 200 https://registry.npmjs.org/is-stream 32ms (cache miss)
111 silly packumentCache full:https://registry.npmjs.org/is-stream set size:undefined disposed:false
112 silly fetch manifest safe-buffer@^5.0.1
113 silly packumentCache full:https://registry.npmjs.org/safe-buffer cache-miss
114 http fetch GET 200 https://registry.npmjs.org/safe-buffer 33ms (cache miss)
115 silly packumentCache full:https://registry.npmjs.org/safe-buffer set size:undefined disposed:false
116 http fetch GET 200 https://registry.npmjs.org/https-proxy-agent 34ms (cache miss)
117 silly packumentCache full:https://registry.npmjs.org/https-proxy-agent set size:undefined disposed:false
118 http fetch GET 200 https://registry.npmjs.org/json-bigint 34ms (cache miss)
119 silly packumentCache full:https://registry.npmjs.org/json-bigint set size:undefined disposed:false
120 http cache https://registry.npmjs.org/safe-buffer 2ms (cache hit)
121 silly packumentCache full:https://registry.npmjs.org/safe-buffer set size:41183 disposed:false
122 http fetch GET 200 https://registry.npmjs.org/jwa 33ms (cache miss)
123 silly packumentCache full:https://registry.npmjs.org/jwa set size:undefined disposed:false
124 http fetch GET 200 https://registry.npmjs.org/google-logging-utils 38ms (cache miss)
125 silly packumentCache full:https://registry.npmjs.org/google-logging-utils set size:undefined disposed:false
126 http fetch GET 200 https://registry.npmjs.org/node-fetch 48ms (cache miss)
127 silly packumentCache full:https://registry.npmjs.org/node-fetch set size:undefined disposed:false
128 silly placeDep ROOT safe-buffer@5.2.1 OK for: ecdsa-sig-formatter@1.0.11 want: ^5.0.1
129 silly fetch manifest encoding@^0.1.0
130 silly packumentCache full:https://registry.npmjs.org/encoding cache-miss
131 http fetch GET 200 https://registry.npmjs.org/encoding 32ms (cache miss)
132 silly packumentCache full:https://registry.npmjs.org/encoding set size:undefined disposed:false
133 silly placeDep ROOT extend@3.0.2 OK for: gaxios@6.7.1 want: ^3.0.2
134 silly placeDep ROOT https-proxy-agent@7.0.6 OK for: gaxios@6.7.1 want: ^7.0.1
135 silly placeDep ROOT is-stream@2.0.1 OK for: gaxios@6.7.1 want: ^2.0.0
136 silly placeDep ROOT node-fetch@2.7.0 OK for: gaxios@6.7.1 want: ^2.6.9
137 silly placeDep ROOT uuid@9.0.1 OK for: gaxios@6.7.1 want: ^9.0.1
138 silly fetch manifest agent-base@^7.1.2
139 silly packumentCache full:https://registry.npmjs.org/agent-base cache-miss
140 silly fetch manifest whatwg-url@^5.0.0
141 silly packumentCache full:https://registry.npmjs.org/whatwg-url cache-miss
142 http fetch GET 200 https://registry.npmjs.org/whatwg-url 28ms (cache miss)
143 silly packumentCache full:https://registry.npmjs.org/whatwg-url set size:undefined disposed:false
144 http fetch GET 200 https://registry.npmjs.org/agent-base 32ms (cache miss)
145 silly packumentCache full:https://registry.npmjs.org/agent-base set size:undefined disposed:false
146 silly placeDep ROOT google-logging-utils@0.0.2 OK for: gcp-metadata@6.1.1 want: ^0.0.2
147 silly placeDep ROOT json-bigint@1.0.0 OK for: gcp-metadata@6.1.1 want: ^1.0.0
148 silly fetch manifest bignumber.js@^9.0.0
149 silly packumentCache full:https://registry.npmjs.org/bignumber.js cache-miss
150 http fetch GET 200 https://registry.npmjs.org/bignumber.js 33ms (cache miss)
151 silly packumentCache full:https://registry.npmjs.org/bignumber.js set size:undefined disposed:false
152 silly placeDep ROOT qs@6.15.0 OK for: googleapis-common@7.2.0 want: ^6.7.0
153 silly placeDep ROOT url-template@2.0.8 OK for: googleapis-common@7.2.0 want: ^2.0.8
154 silly placeDep ROOT agent-base@7.1.4 OK for: https-proxy-agent@7.0.6 want: ^7.1.2
155 silly placeDep ROOT bignumber.js@9.3.1 OK for: json-bigint@1.0.0 want: ^9.0.0
156 silly placeDep ROOT jwa@2.0.1 OK for: jws@4.0.1 want: ^2.0.1
157 silly fetch manifest buffer-equal-constant-time@^1.0.1
158 silly packumentCache full:https://registry.npmjs.org/buffer-equal-constant-time cache-miss
159 http fetch GET 200 https://registry.npmjs.org/buffer-equal-constant-time 29ms (cache miss)
160 silly packumentCache full:https://registry.npmjs.org/buffer-equal-constant-time set size:undefined disposed:false
161 silly placeDep ROOT buffer-equal-constant-time@1.0.1 OK for: jwa@2.0.1 want: ^1.0.1
162 silly placeDep ROOT whatwg-url@5.0.0 OK for: node-fetch@2.7.0 want: ^5.0.0
163 silly fetch manifest tr46@~0.0.3
164 silly packumentCache full:https://registry.npmjs.org/tr46 cache-miss
165 silly fetch manifest webidl-conversions@^3.0.0
166 silly packumentCache full:https://registry.npmjs.org/webidl-conversions cache-miss
167 http fetch GET 200 https://registry.npmjs.org/webidl-conversions 41ms (cache miss)
168 silly packumentCache full:https://registry.npmjs.org/webidl-conversions set size:undefined disposed:false
169 http fetch GET 200 https://registry.npmjs.org/tr46 42ms (cache miss)
170 silly packumentCache full:https://registry.npmjs.org/tr46 set size:undefined disposed:false
171 silly placeDep node_modules/playwright fsevents@2.3.2 OK for: playwright@1.59.1 want: 2.3.2
172 silly placeDep ROOT playwright-core@1.59.1 OK for: playwright@1.59.1 want: 1.59.1
173 silly placeDep ROOT tr46@0.0.3 OK for: whatwg-url@5.0.0 want: ~0.0.3
174 silly placeDep ROOT webidl-conversions@3.0.1 OK for: whatwg-url@5.0.0 want: ^3.0.0
175 silly reify moves {}
176 silly audit bulk request {
176 silly audit   '@alloc/quick-lru': [ '5.2.0' ],
176 silly audit   '@emnapi/core': [ '1.9.2' ],
176 silly audit   '@emnapi/runtime': [ '1.9.2' ],
176 silly audit   '@emnapi/wasi-threads': [ '1.2.1' ],
176 silly audit   '@eslint-community/eslint-utils': [ '4.9.1' ],
176 silly audit   '@eslint-community/regexpp': [ '4.12.2' ],
176 silly audit   '@eslint/eslintrc': [ '2.1.4' ],
176 silly audit   '@eslint/js': [ '8.57.1' ],
176 silly audit   '@humanwhocodes/config-array': [ '0.13.0' ],
176 silly audit   '@humanwhocodes/module-importer': [ '1.0.1' ],
176 silly audit   '@humanwhocodes/object-schema': [ '2.0.3' ],
176 silly audit   '@isaacs/cliui': [ '8.0.2' ],
176 silly audit   'ansi-regex': [ '6.2.2', '5.0.1' ],
176 silly audit   'strip-ansi': [ '7.2.0', '6.0.1' ],
176 silly audit   '@jridgewell/gen-mapping': [ '0.3.13' ],
176 silly audit   '@jridgewell/resolve-uri': [ '3.1.2' ],
176 silly audit   '@jridgewell/sourcemap-codec': [ '1.5.5' ],
176 silly audit   '@jridgewell/trace-mapping': [ '0.3.31' ],
176 silly audit   '@napi-rs/wasm-runtime': [ '0.2.12' ],
176 silly audit   '@next/env': [ '14.2.5' ],
176 silly audit   '@next/eslint-plugin-next': [ '14.2.5' ],
176 silly audit   '@next/swc-darwin-arm64': [ '14.2.5' ],
176 silly audit   '@next/swc-darwin-x64': [ '14.2.5' ],
176 silly audit   '@next/swc-linux-arm64-gnu': [ '14.2.5' ],
176 silly audit   '@next/swc-linux-arm64-musl': [ '14.2.5' ],
176 silly audit   '@next/swc-linux-x64-gnu': [ '14.2.5' ],
176 silly audit   '@next/swc-linux-x64-musl': [ '14.2.5' ],
176 silly audit   '@next/swc-win32-arm64-msvc': [ '14.2.5' ],
176 silly audit   '@next/swc-win32-ia32-msvc': [ '14.2.5' ],
176 silly audit   '@next/swc-win32-x64-msvc': [ '14.2.5' ],
176 silly audit   '@nodelib/fs.scandir': [ '2.1.5' ],
176 silly audit   '@nodelib/fs.stat': [ '2.0.5' ],
176 silly audit   '@nodelib/fs.walk': [ '1.2.8' ],
176 silly audit   '@nolyfill/is-core-module': [ '1.0.39' ],
176 silly audit   '@pkgjs/parseargs': [ '0.11.0' ],
176 silly audit   '@rtsao/scc': [ '1.1.0' ],
176 silly audit   '@rushstack/eslint-patch': [ '1.16.1' ],
176 silly audit   '@supabase/auth-js': [ '2.101.1' ],
176 silly audit   '@supabase/functions-js': [ '2.101.1' ],
176 silly audit   '@supabase/phoenix': [ '0.4.0' ],
176 silly audit   '@supabase/postgrest-js': [ '2.101.1' ],
176 silly audit   '@supabase/realtime-js': [ '2.101.1' ],
176 silly audit   '@supabase/storage-js': [ '2.101.1' ],
176 silly audit   '@supabase/supabase-js': [ '2.101.1' ],
176 silly audit   '@swc/counter': [ '0.1.3' ],
176 silly audit   '@swc/helpers': [ '0.5.5' ],
176 silly audit   '@tybys/wasm-util': [ '0.10.1' ],
176 silly audit   '@types/json5': [ '0.0.29' ],
176 silly audit   '@types/node': [ '20.19.37' ],
176 silly audit   '@types/prop-types': [ '15.7.15' ],
176 silly audit   '@types/react': [ '18.3.28' ],
176 silly audit   '@types/react-dom': [ '18.3.7' ],
176 silly audit   '@types/ws': [ '8.18.1' ],
176 silly audit   '@typescript-eslint/parser': [ '7.2.0' ],
176 silly audit   '@typescript-eslint/scope-manager': [ '7.2.0' ],
176 silly audit   '@typescript-eslint/types': [ '7.2.0' ],
176 silly audit   '@typescript-eslint/typescript-estree': [ '7.2.0' ],
176 silly audit   'brace-expansion': [ '2.0.3', '1.1.13' ],
176 silly audit   minimatch: [ '9.0.3', '9.0.9', '3.1.5' ],
176 silly audit   '@typescript-eslint/visitor-keys': [ '7.2.0' ],
176 silly audit   '@ungap/structured-clone': [ '1.3.0' ],
176 silly audit   '@unrs/resolver-binding-android-arm-eabi': [ '1.11.1' ],
176 silly audit   '@unrs/resolver-binding-android-arm64': [ '1.11.1' ],
176 silly audit   '@unrs/resolver-binding-darwin-arm64': [ '1.11.1' ],
176 silly audit   '@unrs/resolver-binding-darwin-x64': [ '1.11.1' ],
176 silly audit   '@unrs/resolver-binding-freebsd-x64': [ '1.11.1' ],
176 silly audit   '@unrs/resolver-binding-linux-arm-gnueabihf': [ '1.11.1' ],
176 silly audit   '@unrs/resolver-binding-linux-arm-musleabihf': [ '1.11.1' ],
176 silly audit   '@unrs/resolver-binding-linux-arm64-gnu': [ '1.11.1' ],
176 silly audit   '@unrs/resolver-binding-linux-arm64-musl': [ '1.11.1' ],
176 silly audit   '@unrs/resolver-binding-linux-ppc64-gnu': [ '1.11.1' ],
176 silly audit   '@unrs/resolver-binding-linux-riscv64-gnu': [ '1.11.1' ],
176 silly audit   '@unrs/resolver-binding-linux-riscv64-musl': [ '1.11.1' ],
176 silly audit   '@unrs/resolver-binding-linux-s390x-gnu': [ '1.11.1' ],
176 silly audit   '@unrs/resolver-binding-linux-x64-gnu': [ '1.11.1' ],
176 silly audit   '@unrs/resolver-binding-linux-x64-musl': [ '1.11.1' ],
176 silly audit   '@unrs/resolver-binding-wasm32-wasi': [ '1.11.1' ],
176 silly audit   '@unrs/resolver-binding-win32-arm64-msvc': [ '1.11.1' ],
176 silly audit   '@unrs/resolver-binding-win32-ia32-msvc': [ '1.11.1' ],
176 silly audit   '@unrs/resolver-binding-win32-x64-msvc': [ '1.11.1' ],
176 silly audit   acorn: [ '8.16.0' ],
176 silly audit   'acorn-jsx': [ '5.3.2' ],
176 silly audit   ajv: [ '6.14.0' ],
176 silly audit   'ansi-styles': [ '4.3.0', '6.2.3' ],
176 silly audit   'any-promise': [ '1.3.0' ],
176 silly audit   anymatch: [ '3.1.3' ],
176 silly audit   arg: [ '5.0.2' ],
176 silly audit   argparse: [ '2.0.1' ],
176 silly audit   'aria-query': [ '5.3.2' ],
176 silly audit   'array-buffer-byte-length': [ '1.0.2' ],
176 silly audit   'array-includes': [ '3.1.9' ],
176 silly audit   'array-union': [ '2.1.0' ],
176 silly audit   'array.prototype.findlast': [ '1.2.5' ],
176 silly audit   'array.prototype.findlastindex': [ '1.2.6' ],
176 silly audit   'array.prototype.flat': [ '1.3.3' ],
176 silly audit   'array.prototype.flatmap': [ '1.3.3' ],
176 silly audit   'array.prototype.tosorted': [ '1.1.4' ],
176 silly audit   'arraybuffer.prototype.slice': [ '1.0.4' ],
176 silly audit   'ast-types-flow': [ '0.0.8' ],
176 silly audit   'async-function': [ '1.0.0' ],
176 silly audit   autoprefixer: [ '10.4.27' ],
176 silly audit   'available-typed-arrays': [ '1.0.7' ],
176 silly audit   'axe-core': [ '4.11.2' ],
176 silly audit   'axobject-query': [ '4.1.0' ],
176 silly audit   'balanced-match': [ '1.0.2' ],
176 silly audit   'baseline-browser-mapping': [ '2.10.13' ],
176 silly audit   'binary-extensions': [ '2.3.0' ],
176 silly audit   braces: [ '3.0.3' ],
176 silly audit   browserslist: [ '4.28.2' ],
176 silly audit   busboy: [ '1.6.0' ],
176 silly audit   'call-bind': [ '1.0.8' ],
176 silly audit   'call-bind-apply-helpers': [ '1.0.2' ],
176 silly audit   'call-bound': [ '1.0.4' ],
176 silly audit   callsites: [ '3.1.0' ],
176 silly audit   'camelcase-css': [ '2.0.1' ],
176 silly audit   'caniuse-lite': [ '1.0.30001784' ],
176 silly audit   chalk: [ '4.1.2' ],
176 silly audit   chokidar: [ '3.6.0' ],
176 silly audit   'glob-parent': [ '5.1.2', '6.0.2' ],
176 silly audit   'client-only': [ '0.0.1' ],
176 silly audit   'color-convert': [ '2.0.1' ],
176 silly audit   'color-name': [ '1.1.4' ],
176 silly audit   commander: [ '4.1.1' ],
176 silly audit   'concat-map': [ '0.0.1' ],
176 silly audit   'cross-spawn': [ '7.0.6' ],
176 silly audit   cssesc: [ '3.0.0' ],
176 silly audit   csstype: [ '3.2.3' ],
176 silly audit   'damerau-levenshtein': [ '1.0.8' ],
176 silly audit   'data-view-buffer': [ '1.0.2' ],
176 silly audit   'data-view-byte-length': [ '1.0.2' ],
176 silly audit   'data-view-byte-offset': [ '1.0.1' ],
176 silly audit   debug: [ '4.4.3', '3.2.7' ],
176 silly audit   'deep-is': [ '0.1.4' ],
176 silly audit   'define-data-property': [ '1.1.4' ],
176 silly audit   'define-properties': [ '1.2.1' ],
176 silly audit   didyoumean: [ '1.2.2' ],
176 silly audit   'dir-glob': [ '3.0.1' ],
176 silly audit   dlv: [ '1.1.3' ],
176 silly audit   doctrine: [ '3.0.0', '2.1.0' ],
176 silly audit   'dunder-proto': [ '1.0.1' ],
176 silly audit   eastasianwidth: [ '0.2.0' ],
176 silly audit   'electron-to-chromium': [ '1.5.331' ],
176 silly audit   'emoji-regex': [ '9.2.2', '8.0.0' ],
176 silly audit   'es-abstract': [ '1.24.1' ],
176 silly audit   'es-define-property': [ '1.0.1' ],
176 silly audit   'es-errors': [ '1.3.0' ],
176 silly audit   'es-iterator-helpers': [ '1.3.1' ],
176 silly audit   'es-object-atoms': [ '1.1.1' ],
176 silly audit   'es-set-tostringtag': [ '2.1.0' ],
176 silly audit   'es-shim-unscopables': [ '1.1.0' ],
176 silly audit   'es-to-primitive': [ '1.3.0' ],
176 silly audit   escalade: [ '3.2.0' ],
176 silly audit   'escape-string-regexp': [ '4.0.0' ],
176 silly audit   eslint: [ '8.57.1' ],
176 silly audit   'eslint-config-next': [ '14.2.5' ],
176 silly audit   'eslint-import-resolver-node': [ '0.3.10' ],
176 silly audit   'eslint-import-resolver-typescript': [ '3.10.1' ],
176 silly audit   'eslint-module-utils': [ '2.12.1' ],
176 silly audit   'eslint-plugin-import': [ '2.32.0' ],
176 silly audit   semver: [ '6.3.1', '7.7.4' ],
176 silly audit   'eslint-plugin-jsx-a11y': [ '6.10.2' ],
176 silly audit   'eslint-plugin-react': [ '7.37.5' ],
176 silly audit   'eslint-plugin-react-hooks': [ '5.0.0-canary-7118f5dd7-20230705' ],
176 silly audit   'eslint-scope': [ '7.2.2' ],
176 silly audit   'eslint-visitor-keys': [ '3.4.3' ],
176 silly audit   espree: [ '9.6.1' ],
176 silly audit   esquery: [ '1.7.0' ],
176 silly audit   esrecurse: [ '4.3.0' ],
176 silly audit   estraverse: [ '5.3.0' ],
176 silly audit   esutils: [ '2.0.3' ],
176 silly audit   'fast-deep-equal': [ '3.1.3' ],
176 silly audit   'fast-glob': [ '3.3.3' ],
176 silly audit   'fast-json-stable-stringify': [ '2.1.0' ],
176 silly audit   'fast-levenshtein': [ '2.0.6' ],
176 silly audit   fastq: [ '1.20.1' ],
176 silly audit   'file-entry-cache': [ '6.0.1' ],
176 silly audit   'fill-range': [ '7.1.1' ],
176 silly audit   'find-up': [ '5.0.0' ],
176 silly audit   'flat-cache': [ '3.2.0' ],
176 silly audit   flatted: [ '3.4.2' ],
176 silly audit   'for-each': [ '0.3.5' ],
176 silly audit   'foreground-child': [ '3.3.1' ],
176 silly audit   'fraction.js': [ '5.3.4' ],
176 silly audit   'fs.realpath': [ '1.0.0' ],
176 silly audit   fsevents: [ '2.3.3', '2.3.2' ],
176 silly audit   'function-bind': [ '1.1.2' ],
176 silly audit   'function.prototype.name': [ '1.1.8' ],
176 silly audit   'functions-have-names': [ '1.2.3' ],
176 silly audit   'generator-function': [ '2.0.1' ],
176 silly audit   'get-intrinsic': [ '1.3.0' ],
176 silly audit   'get-proto': [ '1.0.1' ],
176 silly audit   'get-symbol-description': [ '1.1.0' ],
176 silly audit   'get-tsconfig': [ '4.13.7' ],
176 silly audit   glob: [ '10.3.10', '7.2.3' ],
176 silly audit   globals: [ '13.24.0' ],
176 silly audit   globalthis: [ '1.0.4' ],
176 silly audit   globby: [ '11.1.0' ],
176 silly audit   gopd: [ '1.2.0' ],
176 silly audit   'graceful-fs': [ '4.2.11' ],
176 silly audit   graphemer: [ '1.4.0' ],
176 silly audit   'has-bigints': [ '1.1.0' ],
176 silly audit   'has-flag': [ '4.0.0' ],
176 silly audit   'has-property-descriptors': [ '1.0.2' ],
176 silly audit   'has-proto': [ '1.2.0' ],
176 silly audit   'has-symbols': [ '1.1.0' ],
176 silly audit   'has-tostringtag': [ '1.0.2' ],
176 silly audit   hasown: [ '2.0.2' ],
176 silly audit   'iceberg-js': [ '0.8.1' ],
176 silly audit   ignore: [ '5.3.2' ],
176 silly audit   'import-fresh': [ '3.3.1' ],
176 silly audit   imurmurhash: [ '0.1.4' ],
176 silly audit   inflight: [ '1.0.6' ],
176 silly audit   inherits: [ '2.0.4' ],
176 silly audit   'internal-slot': [ '1.1.0' ],
176 silly audit   'is-array-buffer': [ '3.0.5' ],
176 silly audit   'is-async-function': [ '2.1.1' ],
176 silly audit   'is-bigint': [ '1.1.0' ],
176 silly audit   'is-binary-path': [ '2.1.0' ],
176 silly audit   'is-boolean-object': [ '1.2.2' ],
176 silly audit   'is-bun-module': [ '2.0.0' ],
176 silly audit   'is-callable': [ '1.2.7' ],
176 silly audit   'is-core-module': [ '2.16.1' ],
176 silly audit   'is-data-view': [ '1.0.2' ],
176 silly audit   'is-date-object': [ '1.1.0' ],
176 silly audit   'is-extglob': [ '2.1.1' ],
176 silly audit   'is-finalizationregistry': [ '1.1.1' ],
176 silly audit   'is-fullwidth-code-point': [ '3.0.0' ],
176 silly audit   'is-generator-function': [ '1.1.2' ],
176 silly audit   'is-glob': [ '4.0.3' ],
176 silly audit   'is-map': [ '2.0.3' ],
176 silly audit   'is-negative-zero': [ '2.0.3' ],
176 silly audit   'is-number': [ '7.0.0' ],
176 silly audit   'is-number-object': [ '1.1.1' ],
176 silly audit   'is-path-inside': [ '3.0.3' ],
176 silly audit   'is-regex': [ '1.2.1' ],
176 silly audit   'is-set': [ '2.0.3' ],
176 silly audit   'is-shared-array-buffer': [ '1.0.4' ],
176 silly audit   'is-string': [ '1.1.1' ],
176 silly audit   'is-symbol': [ '1.1.1' ],
176 silly audit   'is-typed-array': [ '1.1.15' ],
176 silly audit   'is-weakmap': [ '2.0.2' ],
176 silly audit   'is-weakref': [ '1.1.1' ],
176 silly audit   'is-weakset': [ '2.0.4' ],
176 silly audit   isarray: [ '2.0.5' ],
176 silly audit   isexe: [ '2.0.0' ],
176 silly audit   'iterator.prototype': [ '1.1.5' ],
176 silly audit   jackspeak: [ '2.3.6' ],
176 silly audit   jiti: [ '1.21.7' ],
176 silly audit   'js-tokens': [ '4.0.0' ],
176 silly audit   'js-yaml': [ '4.1.1' ],
176 silly audit   'json-buffer': [ '3.0.1' ],
176 silly audit   'json-schema-traverse': [ '0.4.1' ],
176 silly audit   'json-stable-stringify-without-jsonify': [ '1.0.1' ],
176 silly audit   json5: [ '1.0.2' ],
176 silly audit   'jsx-ast-utils': [ '3.3.5' ],
176 silly audit   keyv: [ '4.5.4' ],
176 silly audit   'language-subtag-registry': [ '0.3.23' ],
176 silly audit   'language-tags': [ '1.0.9' ],
176 silly audit   levn: [ '0.4.1' ],
176 silly audit   lilconfig: [ '3.1.3' ],
176 silly audit   'lines-and-columns': [ '1.2.4' ],
176 silly audit   'locate-path': [ '6.0.0' ],
176 silly audit   'lodash.merge': [ '4.6.2' ],
176 silly audit   'loose-envify': [ '1.4.0' ],
176 silly audit   'lru-cache': [ '10.4.3' ],
176 silly audit   'math-intrinsics': [ '1.1.0' ],
176 silly audit   merge2: [ '1.4.1' ],
176 silly audit   micromatch: [ '4.0.8' ],
176 silly audit   minimist: [ '1.2.8' ],
176 silly audit   minipass: [ '7.1.3' ],
176 silly audit   ms: [ '2.1.3' ],
176 silly audit   mz: [ '2.7.0' ],
176 silly audit   nanoid: [ '3.3.11' ],
176 silly audit   'napi-postinstall': [ '0.3.4' ],
176 silly audit   'natural-compare': [ '1.4.0' ],
176 silly audit   next: [ '14.2.5' ],
176 silly audit   postcss: [ '8.4.31', '8.5.8' ],
176 silly audit   'node-exports-info': [ '1.6.0' ],
176 silly audit   'node-releases': [ '2.0.37' ],
176 silly audit   'normalize-path': [ '3.0.0' ],
176 silly audit   'object-assign': [ '4.1.1' ],
176 silly audit   'object-hash': [ '3.0.0' ],
176 silly audit   'object-inspect': [ '1.13.4' ],
176 silly audit   'object-keys': [ '1.1.1' ],
176 silly audit   'object.assign': [ '4.1.7' ],
176 silly audit   'object.entries': [ '1.1.9' ],
176 silly audit   'object.fromentries': [ '2.0.8' ],
176 silly audit   'object.groupby': [ '1.0.3' ],
176 silly audit   'object.values': [ '1.2.1' ],
176 silly audit   once: [ '1.4.0' ],
176 silly audit   optionator: [ '0.9.4' ],
176 silly audit   'own-keys': [ '1.0.1' ],
176 silly audit   'p-limit': [ '3.1.0' ],
176 silly audit   'p-locate': [ '5.0.0' ],
176 silly audit   'parent-module': [ '1.0.1' ],
176 silly audit   'path-exists': [ '4.0.0' ],
176 silly audit   'path-is-absolute': [ '1.0.1' ],
176 silly audit   'path-key': [ '3.1.1' ],
176 silly audit   'path-parse': [ '1.0.7' ],
176 silly audit   'path-scurry': [ '1.11.1' ],
176 silly audit   'path-type': [ '4.0.0' ],
176 silly audit   picocolors: [ '1.1.1' ],
176 silly audit   picomatch: [ '2.3.2', '4.0.4' ],
176 silly audit   pify: [ '2.3.0' ],
176 silly audit   pirates: [ '4.0.7' ],
176 silly audit   'possible-typed-array-names': [ '1.1.0' ],
176 silly audit   'postcss-import': [ '15.1.0' ],
176 silly audit   resolve: [ '1.22.11', '2.0.0-next.6' ],
176 silly audit   'postcss-js': [ '4.1.0' ],
176 silly audit   'postcss-load-config': [ '6.0.1' ],
176 silly audit   'postcss-nested': [ '6.2.0' ],
176 silly audit   'postcss-selector-parser': [ '6.1.2' ],
176 silly audit   'postcss-value-parser': [ '4.2.0' ],
176 silly audit   'prelude-ls': [ '1.2.1' ],
176 silly audit   'prop-types': [ '15.8.1' ],
176 silly audit   punycode: [ '2.3.1' ],
176 silly audit   'queue-microtask': [ '1.2.3' ],
176 silly audit   react: [ '18.3.1' ],
176 silly audit   'react-dom': [ '18.3.1' ],
176 silly audit   'react-is': [ '16.13.1' ],
176 silly audit   'read-cache': [ '1.0.0' ],
176 silly audit   readdirp: [ '3.6.0' ],
176 silly audit   'reflect.getprototypeof': [ '1.0.10' ],
176 silly audit   'regexp.prototype.flags': [ '1.5.4' ],
176 silly audit   'resolve-from': [ '4.0.0' ],
176 silly audit   'resolve-pkg-maps': [ '1.0.0' ],
176 silly audit   reusify: [ '1.1.0' ],
176 silly audit   rimraf: [ '3.0.2' ],
176 silly audit   'run-parallel': [ '1.2.0' ],
176 silly audit   'safe-array-concat': [ '1.1.3' ],
176 silly audit   'safe-push-apply': [ '1.0.0' ],
176 silly audit   'safe-regex-test': [ '1.1.0' ],
176 silly audit   scheduler: [ '0.23.2' ],
176 silly audit   'set-function-length': [ '1.2.2' ],
176 silly audit   'set-function-name': [ '2.0.2' ],
176 silly audit   'set-proto': [ '1.0.0' ],
176 silly audit   'shebang-command': [ '2.0.0' ],
176 silly audit   'shebang-regex': [ '3.0.0' ],
176 silly audit   'side-channel': [ '1.1.0' ],
176 silly audit   'side-channel-list': [ '1.0.0' ],
176 silly audit   'side-channel-map': [ '1.0.1' ],
176 silly audit   'side-channel-weakmap': [ '1.0.2' ],
176 silly audit   'signal-exit': [ '4.1.0' ],
176 silly audit   slash: [ '3.0.0' ],
176 silly audit   'source-map-js': [ '1.2.1' ],
176 silly audit   'stable-hash': [ '0.0.5' ],
176 silly audit   'stop-iteration-iterator': [ '1.1.0' ],
176 silly audit   streamsearch: [ '1.1.0' ],
176 silly audit   'string-width': [ '5.1.2', '4.2.3' ],
176 silly audit   'string.prototype.includes': [ '2.0.1' ],
176 silly audit   'string.prototype.matchall': [ '4.0.12' ],
176 silly audit   'string.prototype.repeat': [ '1.0.0' ],
176 silly audit   'string.prototype.trim': [ '1.2.10' ],
176 silly audit   'string.prototype.trimend': [ '1.0.9' ],
176 silly audit   'string.prototype.trimstart': [ '1.0.8' ],
176 silly audit   'strip-bom': [ '3.0.0' ],
176 silly audit   'strip-json-comments': [ '3.1.1' ],
176 silly audit   'styled-jsx': [ '5.1.1' ],
176 silly audit   sucrase: [ '3.35.1' ],
176 silly audit   'supports-color': [ '7.2.0' ],
176 silly audit   'supports-preserve-symlinks-flag': [ '1.0.0' ],
176 silly audit   tailwindcss: [ '3.4.19' ],
176 silly audit   'text-table': [ '0.2.0' ],
176 silly audit   thenify: [ '3.3.1' ],
176 silly audit   'thenify-all': [ '1.6.0' ],
176 silly audit   tinyglobby: [ '0.2.15' ],
176 silly audit   fdir: [ '6.5.0' ],
176 silly audit   'to-regex-range': [ '5.0.1' ],
176 silly audit   'ts-api-utils': [ '1.4.3' ],
176 silly audit   'ts-interface-checker': [ '0.1.13' ],
176 silly audit   'tsconfig-paths': [ '3.15.0' ],
176 silly audit   tslib: [ '2.8.1' ],
176 silly audit   'type-check': [ '0.4.0' ],
176 silly audit   'type-fest': [ '0.20.2' ],
176 silly audit   'typed-array-buffer': [ '1.0.3' ],
176 silly audit   'typed-array-byte-length': [ '1.0.3' ],
176 silly audit   'typed-array-byte-offset': [ '1.0.4' ],
176 silly audit   'typed-array-length': [ '1.0.7' ],
176 silly audit   typescript: [ '5.9.3' ],
176 silly audit   'unbox-primitive': [ '1.1.0' ],
176 silly audit   'undici-types': [ '6.21.0' ],
176 silly audit   'unrs-resolver': [ '1.11.1' ],
176 silly audit   'update-browserslist-db': [ '1.2.3' ],
176 silly audit   'uri-js': [ '4.4.1' ],
176 silly audit   'util-deprecate': [ '1.0.2' ],
176 silly audit   which: [ '2.0.2' ],
176 silly audit   'which-boxed-primitive': [ '1.1.1' ],
176 silly audit   'which-builtin-type': [ '1.2.1' ],
176 silly audit   'which-collection': [ '1.0.2' ],
176 silly audit   'which-typed-array': [ '1.1.20' ],
176 silly audit   'word-wrap': [ '1.2.5' ],
176 silly audit   'wrap-ansi': [ '8.1.0', '7.0.0' ],
176 silly audit   wrappy: [ '1.0.2' ],
176 silly audit   ws: [ '8.20.0' ],
176 silly audit   'yocto-queue': [ '0.1.0' ],
176 silly audit   zod: [ '3.25.76' ],
176 silly audit   googleapis: [ '144.0.0' ],
176 silly audit   playwright: [ '1.59.1' ],
176 silly audit   'google-auth-library': [ '9.15.1' ],
176 silly audit   'googleapis-common': [ '7.2.0' ],
176 silly audit   'base64-js': [ '1.5.1' ],
176 silly audit   'ecdsa-sig-formatter': [ '1.0.11' ],
176 silly audit   gaxios: [ '6.7.1' ],
176 silly audit   'gcp-metadata': [ '6.1.1' ],
176 silly audit   gtoken: [ '7.1.0' ],
176 silly audit   jws: [ '4.0.1' ],
176 silly audit   'safe-buffer': [ '5.2.1' ],
176 silly audit   extend: [ '3.0.2' ],
176 silly audit   'https-proxy-agent': [ '7.0.6' ],
176 silly audit   'is-stream': [ '2.0.1' ],
176 silly audit   'node-fetch': [ '2.7.0' ],
176 silly audit   uuid: [ '9.0.1' ],
176 silly audit   'google-logging-utils': [ '0.0.2' ],
176 silly audit   'json-bigint': [ '1.0.0' ],
176 silly audit   qs: [ '6.15.0' ],
176 silly audit   'url-template': [ '2.0.8' ],
176 silly audit   'agent-base': [ '7.1.4' ],
176 silly audit   'bignumber.js': [ '9.3.1' ],
176 silly audit   jwa: [ '2.0.1' ],
176 silly audit   'buffer-equal-constant-time': [ '1.0.1' ],
176 silly audit   'whatwg-url': [ '5.0.0' ],
176 silly audit   'playwright-core': [ '1.59.1' ],
176 silly audit   tr46: [ '0.0.3' ],
176 silly audit   'webidl-conversions': [ '3.0.1' ]
176 silly audit }
177 http cache webidl-conversions@https://registry.npmjs.org/webidl-conversions/-/webidl-conversions-3.0.1.tgz 0ms (cache hit)
178 http cache whatwg-url@https://registry.npmjs.org/whatwg-url/-/whatwg-url-5.0.0.tgz 0ms (cache hit)
179 http cache jwa@https://registry.npmjs.org/jwa/-/jwa-2.0.1.tgz 0ms (cache hit)
180 http cache agent-base@https://registry.npmjs.org/agent-base/-/agent-base-7.1.4.tgz 0ms (cache hit)
181 http cache tr46@https://registry.npmjs.org/tr46/-/tr46-0.0.3.tgz 0ms (cache hit)
182 http cache buffer-equal-constant-time@https://registry.npmjs.org/buffer-equal-constant-time/-/buffer-equal-constant-time-1.0.1.tgz 0ms (cache hit)
183 http cache url-template@https://registry.npmjs.org/url-template/-/url-template-2.0.8.tgz 0ms (cache hit)
184 http cache playwright-core@https://registry.npmjs.org/playwright-core/-/playwright-core-1.59.1.tgz 0ms (cache hit)
185 http cache bignumber.js@https://registry.npmjs.org/bignumber.js/-/bignumber.js-9.3.1.tgz 0ms (cache hit)
186 http cache qs@https://registry.npmjs.org/qs/-/qs-6.15.0.tgz 0ms (cache hit)
187 http cache google-logging-utils@https://registry.npmjs.org/google-logging-utils/-/google-logging-utils-0.0.2.tgz 0ms (cache hit)
188 http cache is-stream@https://registry.npmjs.org/is-stream/-/is-stream-2.0.1.tgz 0ms (cache hit)
189 http cache uuid@https://registry.npmjs.org/uuid/-/uuid-9.0.1.tgz 0ms (cache hit)
190 http cache json-bigint@https://registry.npmjs.org/json-bigint/-/json-bigint-1.0.0.tgz 0ms (cache hit)
191 http cache node-fetch@https://registry.npmjs.org/node-fetch/-/node-fetch-2.7.0.tgz 0ms (cache hit)
192 http cache extend@https://registry.npmjs.org/extend/-/extend-3.0.2.tgz 0ms (cache hit)
193 http cache safe-buffer@https://registry.npmjs.org/safe-buffer/-/safe-buffer-5.2.1.tgz 0ms (cache hit)
194 http cache jws@https://registry.npmjs.org/jws/-/jws-4.0.1.tgz 0ms (cache hit)
195 http cache gtoken@https://registry.npmjs.org/gtoken/-/gtoken-7.1.0.tgz 0ms (cache hit)
196 http cache https-proxy-agent@https://registry.npmjs.org/https-proxy-agent/-/https-proxy-agent-7.0.6.tgz 0ms (cache hit)
197 http cache gcp-metadata@https://registry.npmjs.org/gcp-metadata/-/gcp-metadata-6.1.1.tgz 0ms (cache hit)
198 http cache gaxios@https://registry.npmjs.org/gaxios/-/gaxios-6.7.1.tgz 0ms (cache hit)
199 http cache ecdsa-sig-formatter@https://registry.npmjs.org/ecdsa-sig-formatter/-/ecdsa-sig-formatter-1.0.11.tgz 0ms (cache hit)
200 http cache googleapis-common@https://registry.npmjs.org/googleapis-common/-/googleapis-common-7.2.0.tgz 0ms (cache hit)
201 http cache playwright@https://registry.npmjs.org/playwright/-/playwright-1.59.1.tgz 0ms (cache hit)
202 http cache fsevents@https://registry.npmjs.org/fsevents/-/fsevents-2.3.3.tgz 0ms (cache hit)
203 http cache base64-js@https://registry.npmjs.org/base64-js/-/base64-js-1.5.1.tgz 0ms (cache hit)
204 http cache google-auth-library@https://registry.npmjs.org/google-auth-library/-/google-auth-library-9.15.1.tgz 0ms (cache hit)
205 http cache fsevents@https://registry.npmjs.org/fsevents/-/fsevents-2.3.2.tgz 0ms (cache hit)
206 http cache googleapis@https://registry.npmjs.org/googleapis/-/googleapis-144.0.0.tgz 0ms (cache hit)
207 silly tarball no local data for webidl-conversions@https://registry.npmjs.org/webidl-conversions/-/webidl-conversions-3.0.1.tgz. Extracting by manifest.
208 silly tarball no local data for whatwg-url@https://registry.npmjs.org/whatwg-url/-/whatwg-url-5.0.0.tgz. Extracting by manifest.
209 silly tarball no local data for jwa@https://registry.npmjs.org/jwa/-/jwa-2.0.1.tgz. Extracting by manifest.
210 silly tarball no local data for agent-base@https://registry.npmjs.org/agent-base/-/agent-base-7.1.4.tgz. Extracting by manifest.
211 silly tarball no local data for tr46@https://registry.npmjs.org/tr46/-/tr46-0.0.3.tgz. Extracting by manifest.
212 silly tarball no local data for buffer-equal-constant-time@https://registry.npmjs.org/buffer-equal-constant-time/-/buffer-equal-constant-time-1.0.1.tgz. Extracting by manifest.
213 silly tarball no local data for url-template@https://registry.npmjs.org/url-template/-/url-template-2.0.8.tgz. Extracting by manifest.
214 silly tarball no local data for playwright-core@https://registry.npmjs.org/playwright-core/-/playwright-core-1.59.1.tgz. Extracting by manifest.
215 silly tarball no local data for bignumber.js@https://registry.npmjs.org/bignumber.js/-/bignumber.js-9.3.1.tgz. Extracting by manifest.
216 silly tarball no local data for qs@https://registry.npmjs.org/qs/-/qs-6.15.0.tgz. Extracting by manifest.
217 silly tarball no local data for google-logging-utils@https://registry.npmjs.org/google-logging-utils/-/google-logging-utils-0.0.2.tgz. Extracting by manifest.
218 silly tarball no local data for is-stream@https://registry.npmjs.org/is-stream/-/is-stream-2.0.1.tgz. Extracting by manifest.
219 silly tarball no local data for uuid@https://registry.npmjs.org/uuid/-/uuid-9.0.1.tgz. Extracting by manifest.
220 silly tarball no local data for json-bigint@https://registry.npmjs.org/json-bigint/-/json-bigint-1.0.0.tgz. Extracting by manifest.
221 silly tarball no local data for node-fetch@https://registry.npmjs.org/node-fetch/-/node-fetch-2.7.0.tgz. Extracting by manifest.
222 silly tarball no local data for extend@https://registry.npmjs.org/extend/-/extend-3.0.2.tgz. Extracting by manifest.
223 silly tarball no local data for safe-buffer@https://registry.npmjs.org/safe-buffer/-/safe-buffer-5.2.1.tgz. Extracting by manifest.
224 silly tarball no local data for jws@https://registry.npmjs.org/jws/-/jws-4.0.1.tgz. Extracting by manifest.
225 silly tarball no local data for gtoken@https://registry.npmjs.org/gtoken/-/gtoken-7.1.0.tgz. Extracting by manifest.
226 silly tarball no local data for https-proxy-agent@https://registry.npmjs.org/https-proxy-agent/-/https-proxy-agent-7.0.6.tgz. Extracting by manifest.
227 silly tarball no local data for gcp-metadata@https://registry.npmjs.org/gcp-metadata/-/gcp-metadata-6.1.1.tgz. Extracting by manifest.
228 silly tarball no local data for gaxios@https://registry.npmjs.org/gaxios/-/gaxios-6.7.1.tgz. Extracting by manifest.
229 silly tarball no local data for ecdsa-sig-formatter@https://registry.npmjs.org/ecdsa-sig-formatter/-/ecdsa-sig-formatter-1.0.11.tgz. Extracting by manifest.
230 silly tarball no local data for googleapis-common@https://registry.npmjs.org/googleapis-common/-/googleapis-common-7.2.0.tgz. Extracting by manifest.
231 silly tarball no local data for playwright@https://registry.npmjs.org/playwright/-/playwright-1.59.1.tgz. Extracting by manifest.
232 silly tarball no local data for base64-js@https://registry.npmjs.org/base64-js/-/base64-js-1.5.1.tgz. Extracting by manifest.
233 silly tarball no local data for google-auth-library@https://registry.npmjs.org/google-auth-library/-/google-auth-library-9.15.1.tgz. Extracting by manifest.
234 silly tarball no local data for fsevents@https://registry.npmjs.org/fsevents/-/fsevents-2.3.2.tgz. Extracting by manifest.
235 silly tarball no local data for googleapis@https://registry.npmjs.org/googleapis/-/googleapis-144.0.0.tgz. Extracting by manifest.
236 http fetch GET 200 https://registry.npmjs.org/webidl-conversions/-/webidl-conversions-3.0.1.tgz 49ms (cache miss)
237 http fetch GET 200 https://registry.npmjs.org/jwa/-/jwa-2.0.1.tgz 49ms (cache miss)
238 http fetch GET 200 https://registry.npmjs.org/buffer-equal-constant-time/-/buffer-equal-constant-time-1.0.1.tgz 49ms (cache miss)
239 http fetch GET 200 https://registry.npmjs.org/whatwg-url/-/whatwg-url-5.0.0.tgz 50ms (cache miss)
240 http fetch GET 200 https://registry.npmjs.org/agent-base/-/agent-base-7.1.4.tgz 51ms (cache miss)
241 http fetch GET 200 https://registry.npmjs.org/tr46/-/tr46-0.0.3.tgz 52ms (cache miss)
242 http fetch GET 200 https://registry.npmjs.org/extend/-/extend-3.0.2.tgz 76ms (cache miss)
243 http fetch GET 200 https://registry.npmjs.org/safe-buffer/-/safe-buffer-5.2.1.tgz 82ms (cache miss)
244 http fetch GET 200 https://registry.npmjs.org/gtoken/-/gtoken-7.1.0.tgz 86ms (cache miss)
245 http fetch GET 200 https://registry.npmjs.org/jws/-/jws-4.0.1.tgz 87ms (cache miss)
246 http fetch GET 200 https://registry.npmjs.org/is-stream/-/is-stream-2.0.1.tgz 90ms (cache miss)
247 http fetch GET 200 https://registry.npmjs.org/node-fetch/-/node-fetch-2.7.0.tgz 95ms (cache miss)
248 http fetch GET 200 https://registry.npmjs.org/json-bigint/-/json-bigint-1.0.0.tgz 95ms (cache miss)
249 http fetch GET 200 https://registry.npmjs.org/https-proxy-agent/-/https-proxy-agent-7.0.6.tgz 97ms (cache miss)
250 http fetch GET 200 https://registry.npmjs.org/url-template/-/url-template-2.0.8.tgz 105ms (cache miss)
251 http fetch GET 200 https://registry.npmjs.org/ecdsa-sig-formatter/-/ecdsa-sig-formatter-1.0.11.tgz 107ms (cache miss)
252 http fetch GET 200 https://registry.npmjs.org/gcp-metadata/-/gcp-metadata-6.1.1.tgz 112ms (cache miss)
253 http fetch GET 200 https://registry.npmjs.org/base64-js/-/base64-js-1.5.1.tgz 112ms (cache miss)
254 http fetch GET 200 https://registry.npmjs.org/google-logging-utils/-/google-logging-utils-0.0.2.tgz 114ms (cache miss)
255 http fetch GET 200 https://registry.npmjs.org/bignumber.js/-/bignumber.js-9.3.1.tgz 116ms (cache miss)
256 http fetch GET 200 https://registry.npmjs.org/qs/-/qs-6.15.0.tgz 119ms (cache miss)
257 http fetch GET 200 https://registry.npmjs.org/fsevents/-/fsevents-2.3.2.tgz 121ms (cache miss)
258 http fetch GET 200 https://registry.npmjs.org/gaxios/-/gaxios-6.7.1.tgz 127ms (cache miss)
259 http fetch GET 200 https://registry.npmjs.org/googleapis-common/-/googleapis-common-7.2.0.tgz 129ms (cache miss)
260 http fetch GET 200 https://registry.npmjs.org/uuid/-/uuid-9.0.1.tgz 154ms (cache miss)
261 http fetch POST 200 https://registry.npmjs.org/-/npm/v1/security/advisories/bulk 199ms
262 silly audit report {
262 silly audit report   minimatch: [
262 silly audit report     {
262 silly audit report       id: 1113465,
262 silly audit report       url: 'https://github.com/advisories/GHSA-3ppc-4f35-3m26',
262 silly audit report       title: 'minimatch has a ReDoS via repeated wildcards with non-matching literal in pattern',
262 silly audit report       severity: 'high',
262 silly audit report       vulnerable_versions: '>=9.0.0 <9.0.6',
262 silly audit report       cwe: [Array],
262 silly audit report       cvss: [Object]
262 silly audit report     },
262 silly audit report     {
262 silly audit report       id: 1113544,
262 silly audit report       url: 'https://github.com/advisories/GHSA-7r86-cg39-jmmj',
262 silly audit report       title: 'minimatch has ReDoS: matchOne() combinatorial backtracking via multiple non-adjacent GLOBSTAR segments',
262 silly audit report       severity: 'high',
262 silly audit report       vulnerable_versions: '>=9.0.0 <9.0.7',
262 silly audit report       cwe: [Array],
262 silly audit report       cvss: [Object]
262 silly audit report     },
262 silly audit report     {
262 silly audit report       id: 1113552,
262 silly audit report       url: 'https://github.com/advisories/GHSA-23c5-xmqv-rm74',
262 silly audit report       title: 'minimatch ReDoS: nested *() extglobs generate catastrophically backtracking regular expressions',
262 silly audit report       severity: 'high',
262 silly audit report       vulnerable_versions: '>=9.0.0 <9.0.7',
262 silly audit report       cwe: [Array],
262 silly audit report       cvss: [Object]
262 silly audit report     }
262 silly audit report   ],
262 silly audit report   glob: [
262 silly audit report     {
262 silly audit report       id: 1109842,
262 silly audit report       url: 'https://github.com/advisories/GHSA-5j98-mcp5-4vw2',
262 silly audit report       title: 'glob CLI: Command injection via -c/--cmd executes matches with shell:true',
262 silly audit report       severity: 'high',
262 silly audit report       vulnerable_versions: '>=10.2.0 <10.5.0',
262 silly audit report       cwe: [Array],
262 silly audit report       cvss: [Object]
262 silly audit report     }
262 silly audit report   ],
262 silly audit report   next: [
262 silly audit report     {
262 silly audit report       id: 1099638,
262 silly audit report       url: 'https://github.com/advisories/GHSA-gp8f-8m3g-qvj9',
262 silly audit report       title: 'Next.js Cache Poisoning',
262 silly audit report       severity: 'high',
262 silly audit report       vulnerable_versions: '>=14.0.0 <14.2.10',
262 silly audit report       cwe: [Array],
262 silly audit report       cvss: [Object]
262 silly audit report     },
262 silly audit report     {
262 silly audit report       id: 1100421,
262 silly audit report       url: 'https://github.com/advisories/GHSA-g77x-44xx-532m',
262 silly audit report       title: 'Denial of Service condition in Next.js image optimization',
262 silly audit report       severity: 'moderate',
262 silly audit report       vulnerable_versions: '>=10.0.0 <14.2.7',
262 silly audit report       cwe: [Array],
262 silly audit report       cvss: [Object]
262 silly audit report     },
262 silly audit report     {
262 silly audit report       id: 1101438,
262 silly audit report       url: 'https://github.com/advisories/GHSA-7m27-7ghc-44w9',
262 silly audit report       title: 'Next.js Allows a Denial of Service (DoS) with Server Actions',
262 silly audit report       severity: 'moderate',
262 silly audit report       vulnerable_versions: '>=14.0.0 <14.2.21',
262 silly audit report       cwe: [Array],
262 silly audit report       cvss: [Object]
262 silly audit report     },
262 silly audit report     {
262 silly audit report       id: 1105461,
262 silly audit report       url: 'https://github.com/advisories/GHSA-3h52-269p-cp9r',
262 silly audit report       title: 'Information exposure in Next.js dev server due to lack of origin verification',
262 silly audit report       severity: 'low',
262 silly audit report       vulnerable_versions: '>=13.0 <14.2.30',
262 silly audit report       cwe: [Array],
262 silly audit report       cvss: [Object]
262 silly audit report     },
262 silly audit report     {
262 silly audit report       id: 1111391,
262 silly audit report       url: 'https://github.com/advisories/GHSA-mwv6-3258-q52c',
262 silly audit report       title: 'Next Vulnerable to Denial of Service with Server Components',
262 silly audit report       severity: 'high',
262 silly audit report       vulnerable_versions: '>=13.3.0 <14.2.34',
262 silly audit report       cwe: [Array],
262 silly audit report       cvss: [Object]
262 silly audit report     },
262 silly audit report     {
262 silly audit report       id: 1107226,
262 silly audit report       url: 'https://github.com/advisories/GHSA-g5qg-72qw-gw5v',
262 silly audit report       title: 'Next.js Affected by Cache Key Confusion for Image Optimization API Routes',
262 silly audit report       severity: 'moderate',
262 silly audit report       vulnerable_versions: '>=0.9.9 <14.2.31',
262 silly audit report       cwe: [Array],
262 silly audit report       cvss: [Object]
262 silly audit report     },
262 silly audit report     {
262 silly audit report       id: 1107420,
262 silly audit report       url: 'https://github.com/advisories/GHSA-7gfc-8cq8-jh5f',
262 silly audit report       title: 'Next.js authorization bypass vulnerability',
262 silly audit report       severity: 'high',
262 silly audit report       vulnerable_versions: '>=9.5.5 <14.2.15',
262 silly audit report       cwe: [Array],
262 silly audit report       cvss: [Object]
262 silly audit report     },
262 silly audit report     {
262 silly audit report       id: 1107512,
262 silly audit report       url: 'https://github.com/advisories/GHSA-4342-x723-ch2f',
262 silly audit report       title: 'Next.js Improper Middleware Redirect Handling Leads to SSRF',
262 silly audit report       severity: 'moderate',
262 silly audit report       vulnerable_versions: '>=0.9.9 <14.2.32',
262 silly audit report       cwe: [Array],
262 silly audit report       cvss: [Object]
262 silly audit report     },
262 silly audit report     {
262 silly audit report       id: 1107513,
262 silly audit report       url: 'https://github.com/advisories/GHSA-xv57-4mr9-wg8v',
262 silly audit report       title: 'Next.js Content Injection Vulnerability for Image Optimization',
262 silly audit report       severity: 'moderate',
262 silly audit report       vulnerable_versions: '>=0.9.9 <14.2.31',
262 silly audit report       cwe: [Array],
262 silly audit report       cvss: [Object]
262 silly audit report     },
262 silly audit report     {
262 silly audit report       id: 1112182,
262 silly audit report       url: 'https://github.com/advisories/GHSA-5j59-xgg2-r9c4',
262 silly audit report       title: 'Next has a Denial of Service with Server Components - Incomplete Fix Follow-Up',
262 silly audit report       severity: 'high',
262 silly audit report       vulnerable_versions: '>=13.3.1-canary.0 <14.2.35',
262 silly audit report       cwe: [Array],
262 silly audit report       cvss: [Object]
262 silly audit report     },
262 silly audit report     {
262 silly audit report       id: 1108291,
262 silly audit report       url: 'https://github.com/advisories/GHSA-qpjv-v59x-3qc4',
262 silly audit report       title: 'Next.js Race Condition to Cache Poisoning',
262 silly audit report       severity: 'low',
262 silly audit report       vulnerable_versions: '>=0.9.9 <14.2.24',
262 silly audit report       cwe: [Array],
262 silly audit report       cvss: [Object]
262 silly audit report     },
262 silly audit report     {
262 silly audit report       id: 1112593,
262 silly audit report       url: 'https://github.com/advisories/GHSA-9g9p-9gw9-jx7f',
262 silly audit report       title: 'Next.js self-hosted applications vulnerable to DoS via Image Optimizer remotePatterns configuration',
262 silly audit report       severity: 'moderate',
262 silly audit report       vulnerable_versions: '>=10.0.0 <15.5.10',
262 silly audit report       cwe: [Array],
262 silly audit report       cvss: [Object]
262 silly audit report     },
262 silly audit report     {
262 silly audit report       id: 1112653,
262 silly audit report       url: 'https://github.com/advisories/GHSA-h25m-26qc-wcjf',
262 silly audit report       title: 'Next.js HTTP request deserialization can lead to DoS when using insecure React Server Components',
262 silly audit report       severity: 'high',
262 silly audit report       vulnerable_versions: '>=13.0.0 <15.0.8',
262 silly audit report       cwe: [Array],
262 silly audit report       cvss: [Object]
262 silly audit report     },
262 silly audit report     {
262 silly audit report       id: 1113689,
262 silly audit report       url: 'https://github.com/advisories/GHSA-f82v-jwr5-mffw',
262 silly audit report       title: 'Authorization Bypass in Next.js Middleware',
262 silly audit report       severity: 'critical',
262 silly audit report       vulnerable_versions: '>=14.0.0 <14.2.25',
262 silly audit report       cwe: [Array],
262 silly audit report       cvss: [Object]
262 silly audit report     },
262 silly audit report     {
262 silly audit report       id: 1114897,
262 silly audit report       url: 'https://github.com/advisories/GHSA-ggv3-7p47-pfv8',
262 silly audit report       title: 'Next.js: HTTP request smuggling in rewrites',
262 silly audit report       severity: 'moderate',
262 silly audit report       vulnerable_versions: '>=9.5.0 <15.5.13',
262 silly audit report       cwe: [Array],
262 silly audit report       cvss: [Object]
262 silly audit report     },
262 silly audit report     {
262 silly audit report       id: 1114940,
262 silly audit report       url: 'https://github.com/advisories/GHSA-3x4c-7xq6-9pq8',
262 silly audit report       title: 'Next.js: Unbounded next/image disk cache growth can exhaust storage',
262 silly audit report       severity: 'moderate',
262 silly audit report       vulnerable_versions: '>=10.0.0 <15.5.14',
262 silly audit report       cwe: [Array],
262 silly audit report       cvss: [Object]
262 silly audit report     }
262 silly audit report   ]
262 silly audit report }
263 silly packumentCache corgi:https://registry.npmjs.org/minimatch cache-miss
264 silly packumentCache corgi:https://registry.npmjs.org/glob cache-miss
265 silly packumentCache corgi:https://registry.npmjs.org/next cache-miss
266 http fetch GET 200 https://registry.npmjs.org/glob 88ms (cache revalidated)
267 silly packumentCache corgi:https://registry.npmjs.org/glob set size:199194 disposed:false
268 http fetch GET 200 https://registry.npmjs.org/minimatch 96ms (cache revalidated)
269 silly packumentCache corgi:https://registry.npmjs.org/minimatch set size:168441 disposed:false
270 http fetch GET 200 https://registry.npmjs.org/next 128ms (cache revalidated)
271 silly packumentCache corgi:https://registry.npmjs.org/next set size:24522511 disposed:false
272 silly packumentCache corgi:https://registry.npmjs.org/@typescript-eslint%2ftypescript-estree cache-miss
273 http fetch GET 200 https://registry.npmjs.org/google-auth-library/-/google-auth-library-9.15.1.tgz 999ms (cache miss)
274 http fetch GET 200 https://registry.npmjs.org/@typescript-eslint%2ftypescript-estree 81ms (cache revalidated)
275 silly packumentCache corgi:https://registry.npmjs.org/@typescript-eslint%2ftypescript-estree set size:8561245 disposed:false
276 silly packumentCache corgi:https://registry.npmjs.org/@next%2feslint-plugin-next cache-miss
277 http fetch GET 200 https://registry.npmjs.org/playwright/-/playwright-1.59.1.tgz 1175ms (cache miss)
278 http fetch GET 200 https://registry.npmjs.org/@next%2feslint-plugin-next 51ms (cache revalidated)
279 silly packumentCache corgi:https://registry.npmjs.org/@next%2feslint-plugin-next set size:3172066 disposed:false
280 silly packumentCache corgi:https://registry.npmjs.org/@typescript-eslint%2fparser cache-miss
281 http fetch GET 200 https://registry.npmjs.org/@typescript-eslint%2fparser 52ms (cache revalidated)
282 silly packumentCache corgi:https://registry.npmjs.org/@typescript-eslint%2fparser set size:7955166 disposed:false
283 silly packumentCache corgi:https://registry.npmjs.org/eslint-config-next cache-miss
284 http fetch GET 200 https://registry.npmjs.org/eslint-config-next 61ms (cache revalidated)
285 silly packumentCache corgi:https://registry.npmjs.org/eslint-config-next set size:3806234 disposed:false
286 http fetch GET 200 https://registry.npmjs.org/playwright-core/-/playwright-core-1.59.1.tgz 1599ms (cache miss)
287 http fetch GET 200 https://registry.npmjs.org/googleapis/-/googleapis-144.0.0.tgz 2458ms (cache miss)
288 info run fsevents@2.3.2 install node_modules/playwright/node_modules/fsevents node-gyp rebuild
289 info run fsevents@2.3.2 install { code: 1, signal: null }
290 verbose reify failed optional dependency /Users/minsoopark/Downloads/바이브코딩/k-black-music-magazine-app/node_modules/playwright/node_modules/fsevents
291 silly reify mark deleted [
291 silly reify   '/Users/minsoopark/Downloads/바이브코딩/k-black-music-magazine-app/node_modules/playwright/node_modules/fsevents'
291 silly reify ]
292 silly ADD node_modules/webidl-conversions
293 silly ADD node_modules/tr46
294 silly ADD node_modules/playwright-core
295 silly ADD node_modules/whatwg-url
296 silly ADD node_modules/buffer-equal-constant-time
297 silly ADD node_modules/jwa
298 silly ADD node_modules/bignumber.js
299 silly ADD node_modules/agent-base
300 silly ADD node_modules/url-template
301 silly ADD node_modules/qs
302 silly ADD node_modules/json-bigint
303 silly ADD node_modules/google-logging-utils
304 silly ADD node_modules/uuid
305 silly ADD node_modules/node-fetch
306 silly ADD node_modules/is-stream
307 silly ADD node_modules/https-proxy-agent
308 silly ADD node_modules/extend
309 silly ADD node_modules/safe-buffer
310 silly ADD node_modules/jws
311 silly ADD node_modules/gtoken
312 silly ADD node_modules/gcp-metadata
313 silly ADD node_modules/gaxios
314 silly ADD node_modules/ecdsa-sig-formatter
315 silly ADD node_modules/base64-js
316 silly ADD node_modules/googleapis-common
317 silly ADD node_modules/google-auth-library
318 silly ADD node_modules/playwright
319 silly ADD
320 silly ADD node_modules/googleapis
321 silly ADD node_modules/fsevents
322 verbose cwd /Users/minsoopark/Downloads/바이브코딩/k-black-music-magazine-app
323 verbose os Darwin 25.2.0
324 verbose node v24.13.0
325 verbose npm  v11.6.2
326 verbose exit 0
327 info ok
